--------- beginning of /dev/log/system
E/DrmService(  151): ----------------running drmservice---------------
E/DrmService(  151): ----------serianno =4U8RU67ZNP
E/DrmService(  151): auto generate serialno,serialno = 4U8RU67ZNP
E/DrmService(  151): rknand_sys_storage open fail
E/DrmService(  151): detect keybox disabled
I/Vold    (  141): Vold 2.1 (the revenge) firing up
D/Vold    (  141): Volume internal_sd state changing -1 (Initializing) -> 0 (No-Media)
I/Vold    (  141): Error(call No.1) opening /sys/sd-sdio/rescan in the file of VOlume.cpp
D/Vold    (  141): Volume external_sd state changing -1 (Initializing) -> 0 (No-Media)
D/Vold    (  141): Volume usb_storage state changing -1 (Initializing) -> 0 (No-Media)
D/Vold    (  141): Volume usb_storage2 state changing -1 (Initializing) -> 0 (No-Media)
D/Vold    (  141): Volume usb_storage3 state changing -1 (Initializing) -> 0 (No-Media)
E/Vold    (  141): Start Misc devices Manager...
D/Vold    (  141): began find device path
D/Vold    (  141): device path: /sys/class/usb_device/usbdev1.1/device/1-1
D/Vold    (  141): Vendor path: /sys/class/usb_device/usbdev1.1/device/1-1/idVendor
D/DirectVolume(  141): ----handleDiskAdded,mDiskNumParts =14,mDiskMajor=179,mDiskMinor=0
D/DirectVolume(  141): Dv::diskIns - waiting for 14 partitions (mask 0x7ffe)
D/Vold    (  141): Volume internal_sd state changing 0 (No-Media) -> 2 (Pending)
D/DirectVolume(  141): ---handlePartitionAdded,part_num=1,major=179,minor=1
D/DirectVolume(  141): Dv:partAdd: part_num = 1, minor = 1
D/DirectVolume(  141): Dv:partAdd: pending mask now = 0x7ffc
D/DirectVolume(  141): ---handlePartitionAdded,part_num=2,major=179,minor=2
D/DirectVolume(  141): Dv:partAdd: part_num = 2, minor = 2
D/DirectVolume(  141): Dv:partAdd: pending mask now = 0x7ff8
D/DirectVolume(  141): ---handlePartitionAdded,part_num=3,major=179,minor=3
D/DirectVolume(  141): Dv:partAdd: part_num = 3, minor = 3
D/DirectVolume(  141): Dv:partAdd: pending mask now = 0x7ff0
D/DirectVolume(  141): ---handlePartitionAdded,part_num=4,major=179,minor=4
D/DirectVolume(  141): Dv:partAdd: part_num = 4, minor = 4
D/DirectVolume(  141): Dv:partAdd: pending mask now = 0x7fe0
D/DirectVolume(  141): ---handlePartitionAdded,part_num=5,major=179,minor=5
D/DirectVolume(  141): Dv:partAdd: part_num = 5, minor = 5
D/DirectVolume(  141): Dv:partAdd: pending mask now = 0x7fc0
D/DirectVolume(  141): ---handlePartitionAdded,part_num=6,major=179,minor=6
D/DirectVolume(  141): Dv:partAdd: part_num = 6, minor = 6
D/DirectVolume(  141): Dv:partAdd: pending mask now = 0x7f80
D/DirectVolume(  141): ---handlePartitionAdded,part_num=7,major=179,minor=7
D/DirectVolume(  141): Dv:partAdd: part_num = 7, minor = 7
D/DirectVolume(  141): Dv:partAdd: pending mask now = 0x7f00
D/DirectVolume(  141): ---handlePartitionAdded,part_num=8,major=179,minor=8
D/DirectVolume(  141): Dv:partAdd: part_num = 8, minor = 8
D/DirectVolume(  141): Dv:partAdd: pending mask now = 0x7e00
D/DirectVolume(  141): ---handlePartitionAdded,part_num=9,major=179,minor=9
D/DirectVolume(  141): Dv:partAdd: part_num = 9, minor = 9
D/DirectVolume(  141): Dv:partAdd: pending mask now = 0x7c00
D/DirectVolume(  141): ---handlePartitionAdded,part_num=10,major=179,minor=10
D/DirectVolume(  141): Dv:partAdd: part_num = 10, minor = 10
D/DirectVolume(  141): Dv:partAdd: pending mask now = 0x7800
D/DirectVolume(  141): ---handlePartitionAdded,part_num=11,major=179,minor=11
D/DirectVolume(  141): Dv:partAdd: part_num = 11, minor = 11
D/DirectVolume(  141): Dv:partAdd: pending mask now = 0x7000
D/DirectVolume(  141): ---handlePartitionAdded,part_num=12,major=179,minor=12
D/DirectVolume(  141): Dv:partAdd: part_num = 12, minor = 12
D/DirectVolume(  141): Dv:partAdd: pending mask now = 0x6000
D/DirectVolume(  141): ---handlePartitionAdded,part_num=13,major=179,minor=13
D/DirectVolume(  141): Dv:partAdd: part_num = 13, minor = 13
D/DirectVolume(  141): Dv:partAdd: pending mask now = 0x4000
D/DirectVolume(  141): ---handlePartitionAdded,part_num=14,major=179,minor=14
D/DirectVolume(  141): Dv:partAdd: part_num = 14, minor = 14
D/DirectVolume(  141): Dv:partAdd: Got all partitions - ready to rock!
D/Vold    (  141): Volume internal_sd state changing 2 (Pending) -> 1 (Idle-Unmounted)
D/DirectVolume(  141): ----handleDiskAdded,mDiskNumParts =1,mDiskMajor=179,mDiskMinor=32
D/DirectVolume(  141): Dv::diskIns - waiting for 1 partitions (mask 0x2)
I/Vold    (  141): Error(call No.1) opening /sys/sd-sdio/rescan in the file of VOlume.cpp
D/Vold    (  141): Volume external_sd state changing 0 (No-Media) -> 2 (Pending)
D/DirectVolume(  141): ---handlePartitionAdded,part_num=1,major=179,minor=33
D/DirectVolume(  141): Dv:partAdd: part_num = 1, minor = 33
D/DirectVolume(  141): Dv:partAdd: Got all partitions - ready to rock!
I/Vold    (  141): Error(call No.1) opening /sys/sd-sdio/rescan in the file of VOlume.cpp
D/Vold    (  141): Volume external_sd state changing 2 (Pending) -> 1 (Idle-Unmounted)
I/SystemServer(  455): Entered the Android system server!
I/SystemServer(  455): Waiting for installd to be ready.
I/Installer(  455): connecting...
I/SystemServer(  455): Power Manager
I/SystemServer(  455): Activity Manager
I/ActivityManager(  455): Memory class: 192
W/UsageStats(  455): Usage stats version changed; dropping
I/AppOps  (  455): No existing app ops /data/system/appops.xml; starting empty
I/IntentFirewall(  455): Read new rules (A:0 B:0 S:0)
I/SystemServer(  455): Display Manager
I/SystemServer(  455): Telephony Registry
I/DisplayManagerService(  455): Display device added: DisplayDeviceInfo{"Built-in Screen": 600 x 1024, 52.011 fps, density 160, 160.42105 x 159.5681 dpi, touch INTERNAL, rotation 0, type BUILT_IN, FLAG_DEFAULT_DISPLAY, FLAG_ROTATES_WITH_CONTENT, FLAG_SECURE, FLAG_SUPPORTS_PROTECTED_BUFFERS}
I/SystemServer(  455): Scheduling Policy
I/SystemServer(  455): Package Manager
D/SELinuxMMAC(  455): Couldn't find install policy /data/security/mac_permissions.xml
D/SELinuxMMAC(  455): Using install policy file /system/etc/security/mac_permissions.xml
W/PackageParser(  455): No actions in intent filter at /system/priv-app/Contacts.apk Binary XML file line #375
W/PackageParser(  455): No actions in intent filter at /system/priv-app/Dialer.apk Binary XML file line #163
W/PackageParser(  455): No actions in intent filter at /system/app/Bluetooth.apk Binary XML file line #211
W/PackageParser(  455): Unknown element under <application>: permission at /system/app/Gallery2.apk Binary XML file line #243
W/PackageParser(  455): Unknown element under <application>: permission at /system/app/Gallery2.apk Binary XML file line #246
W/PackageParser(  455): No actions in intent filter at /system/app/StressTest.apk Binary XML file line #40
W/PackageManager(  455): Package com.android.gallery3d desires unavailable shared library com.google.android.media.effects; ignoring!
I/PackageManager(  455): Time to scan packages: 2.68 seconds
W/PackageManager(  455): Not granting permission android.permission.GLOBAL_SEARCH to package com.android.quicksearchbox (protectionLevel=18 flags=0x8be45)
W/PackageManager(  455): Unknown permission com.google.android.gallery3d.permission.GALLERY_PROVIDER in package com.android.bluetooth
W/PackageManager(  455): Unknown permission com.google.android.googleapps.permission.GOOGLE_AUTH in package com.android.providers.calendar
W/PackageManager(  455): Unknown permission com.google.android.googleapps.permission.GOOGLE_AUTH.cl in package com.android.providers.calendar
W/PackageManager(  455): Unknown permission com.google.android.googleapps.permission.GOOGLE_AUTH.mail in package com.android.calendar
W/PackageManager(  455): Not granting permission android.permission.ACCESS_DOWNLOAD_MANAGER to package com.android.browser (protectionLevel=18 flags=0x9be45)
W/PackageManager(  455): Not granting permission android.permission.SEND_DOWNLOAD_COMPLETED_INTENTS to package com.android.browser (protectionLevel=2 flags=0x9be45)
W/PackageManager(  455): Unknown permission com.android.launcher.permission.READ_SETTINGS in package com.android.onetimeinitializer
W/PackageManager(  455): Unknown permission com.android.launcher.permission.WRITE_SETTINGS in package com.android.onetimeinitializer
W/PackageManager(  455): Not granting permission android.permission.BIND_APPWIDGET to package com.android.launcher3 (protectionLevel=18 flags=0x58be45)
W/PackageManager(  455): Unknown permission com.android.launcher.permission.READ_SETTINGS in package com.android.launcher3
W/PackageManager(  455): Unknown permission com.android.launcher.permission.WRITE_SETTINGS in package com.android.launcher3
W/PackageManager(  455): Not granting permission android.permission.BIND_WALLPAPER to package com.android.camera2 (protectionLevel=18 flags=0x58bc45)
W/PackageManager(  455): Unknown permission android.permission.INSTALL_DRM in package com.android.mms
W/PackageManager(  455): Unknown permission com.google.android.gallery3d.permission.PICASA_STORE in package com.android.dreams.phototable
W/PackageManager(  455): Unknown permission com.google.android.googleapps.permission.GOOGLE_AUTH in package com.android.settings
W/PackageManager(  455): Unknown permission com.android.launcher.permission.READ_SETTINGS in package com.android.settings
W/PackageManager(  455): Unknown permission com.android.launcher.permission.WRITE_SETTINGS in package com.android.settings
W/PackageManager(  455): Not granting permission android.permission.INSTALL_PACKAGES to package com.android.apkinstaller (protectionLevel=18 flags=0x8be45)
W/PackageManager(  455): Not granting permission android.permission.DELETE_PACKAGES to package com.android.apkinstaller (protectionLevel=18 flags=0x8be45)
W/PackageManager(  455): Unknown permission com.google.android.googleapps.permission.ACCESS_GOOGLE_PASSWORD in package com.android.development
W/PackageManager(  455): Unknown permission com.google.android.googleapps.permission.GOOGLE_AUTH in package com.android.development
W/PackageManager(  455): Unknown permission com.google.android.googleapps.permission.GOOGLE_AUTH.ALL_SERVICES in package com.android.development
W/PackageManager(  455): Unknown permission com.google.android.googleapps.permission.GOOGLE_AUTH.YouTubeUser in package com.android.development
W/PackageManager(  455): Not granting permission android.permission.DELETE_PACKAGES to package com.svox.pico (protectionLevel=18 flags=0x8be45)
W/PackageManager(  455): Not granting permission android.permission.DEVICE_POWER to package com.android.deskclock (protectionLevel=2 flags=0x48be45)
W/PackageManager(  455): Unknown permission rockchip.permission.FULL_SCREEN in package android.rk.RockVideoPlayer
W/PackageManager(  455): Unknown permission android.permission.RAISED_THREAD_PRIORITY in package android.rk.RockVideoPlayer
W/PackageManager(  455): Unknown permission android.permission.FULL_SCREEN in package android.rk.RockVideoPlayer
W/PackageManager(  455): Unknown permission archos.permission.FULL_SCREEN in package android.rk.RockVideoPlayer
I/SystemServer(  455): Entropy Mixer
I/EntropyMixer(  455): Writing entropy...
I/SystemServer(  455): User Service
I/SystemServer(  455): Account Manager
I/SystemServer(  455): Content Manager
I/SystemServer(  455): System Content Providers
I/SystemServer(  455): Lights Service
I/SystemServer(  455): Battery Service
I/SystemServer(  455): Vibrator Service
I/SystemServer(  455): Consumer IR Service
I/SystemServer(  455): Alarm Manager
I/SystemServer(  455): Init Watchdog
I/SystemServer(  455): Input Manager
I/InputManager(  455): Initializing input manager, mUseDevInputEventForAudioJack=false
I/SystemServer(  455): Window Manager
I/WindowManager(  455): No existing display settings /data/system/display_settings.xml; starting empty
I/WindowManager(  455): No keyguard interface!
I/InputManager(  455): Starting input manager
I/SystemServer(  455): Bluetooth Manager Service
I/SystemServer(  455): Input Method Service
W/InputMethodManagerService(  455): Couldn't create dir.: /data/system/inputmethod
I/SystemServer(  455): Accessibility Manager
I/ActivityManager(  455): Config changes=1df8 {1.0 ?mcc?mnc en_US ldltr sw600dp w600dp h1024dp 160dpi lrg long port ?uimode ?night -touch -keyb/v/h -nav/h s.2}
I/ActivityManager(  455): Config changes=568 {1.0 ?mcc?mnc en_US ldltr sw600dp w600dp h951dp 160dpi lrg port ?uimode ?night finger -keyb/v/h dpad/v s.3}
I/SystemServer(  455): Mount Service
D/MountService(  455): got storage path: /storage/sdcard0 description: SD card primary: true removable: true emulated: true mtpReserve: 100 allowMassStorage: false maxFileSize: 0
D/MountService(  455): got storage path: /mnt/internal_sd description: NAND FLASH primary: false removable: true emulated: false mtpReserve: 100 allowMassStorage: true maxFileSize: 0
D/MountService(  455): addVolumeLocked() StorageVolume:
D/MountService(  455):     mStorageId=0 mPath=/mnt/internal_sd mDescriptionId=17040933 mPrimary=true 
D/MountService(  455):     mRemovable=true mEmulated=false mMtpReserveSpace=100 
D/MountService(  455):     mAllowMassStorage=true mMaxFileSize=0 mOwner=null mUuid=null 
D/MountService(  455):     mUserLabel=null mState=null 
D/MountService(  455): got storage path: /mnt/external_sd description: SD card primary: false removable: true emulated: false mtpReserve: 100 allowMassStorage: true maxFileSize: 0
D/MountService(  455): addVolumeLocked() StorageVolume:
D/MountService(  455):     mStorageId=0 mPath=/mnt/external_sd mDescriptionId=17040667 mPrimary=false 
D/MountService(  455):     mRemovable=true mEmulated=false mMtpReserveSpace=100 
D/MountService(  455):     mAllowMassStorage=true mMaxFileSize=0 mOwner=null mUuid=null 
D/MountService(  455):     mUserLabel=null mState=null 
D/MountService(  455): got storage path: /mnt/usb_storage description: USB storage primary: false removable: true emulated: false mtpReserve: 100 allowMassStorage: false maxFileSize: 0
D/MountService(  455): addVolumeLocked() StorageVolume:
D/MountService(  455):     mStorageId=0 mPath=/mnt/usb_storage mDescriptionId=17040668 mPrimary=false 
D/MountService(  455):     mRemovable=true mEmulated=false mMtpReserveSpace=100 
D/MountService(  455):     mAllowMassStorage=false mMaxFileSize=0 mOwner=null mUuid=null 
D/MountService(  455):     mUserLabel=null mState=null 
D/MountService(  455): got storage path: /mnt/usb_storage2 description: USB storage 2 primary: false removable: true emulated: false mtpReserve: 100 allowMassStorage: false maxFileSize: 0
D/MountService(  455): addVolumeLocked() StorageVolume:
D/MountService(  455):     mStorageId=0 mPath=/mnt/usb_storage2 mDescriptionId=17040669 
D/MountService(  455):     mPrimary=false mRemovable=true mEmulated=false mMtpReserveSpace=100 
D/MountService(  455):     mAllowMassStorage=false mMaxFileSize=0 mOwner=null mUuid=null 
D/MountService(  455):     mUserLabel=null mState=null 
D/MountService(  455): got storage path: /mnt/usb_storage3 description: USB storage 3 primary: false removable: true emulated: false mtpReserve: 100 allowMassStorage: false maxFileSize: 0
D/MountService(  455): addVolumeLocked() StorageVolume:
D/MountService(  455):     mStorageId=0 mPath=/mnt/usb_storage3 mDescriptionId=17040670 
D/MountService(  455):     mPrimary=false mRemovable=true mEmulated=false mMtpReserveSpace=100 
D/MountService(  455):     mAllowMassStorage=false mMaxFileSize=0 mOwner=null mUuid=null 
D/MountService(  455):     mUserLabel=null mState=null 
I/SystemServer(  455): LockSettingsService
I/SystemServer(  455): Device Policy
I/SystemServer(  455): Status Bar
I/SystemServer(  455): Clipboard Service
I/SystemServer(  455): NetworkManagement Service
I/MountService(  455): Updating valid state unmounted
D/MountService(  455): volume state changed for /mnt/internal_sd (mounted -> unmounted)
I/MountService(  455): Updating valid state unmounted
W/MountService(  455): Duplicate state transition (unmounted -> unmounted) for /mnt/external_sd
I/MountService(  455): Updating valid state removed
D/MountService(  455): volume state changed for /mnt/usb_storage (unmounted -> removed)
I/MountService(  455): Updating valid state removed
D/MountService(  455): volume state changed for /mnt/usb_storage2 (unmounted -> removed)
I/MountService(  455): Updating valid state removed
D/MountService(  455): volume state changed for /mnt/usb_storage3 (unmounted -> removed)
I/SystemServer(  455): Text Service Manager Service
W/MountService(  455): getSecureContainerList() called when storage not mounted
W/PackageManager(  455): Not granting permission android.permission.GLOBAL_SEARCH to package com.android.quicksearchbox (protectionLevel=18 flags=0x8be45)
I/SystemServer(  455): NetworkStats Service
W/PackageManager(  455): Unknown permission com.google.android.gallery3d.permission.GALLERY_PROVIDER in package com.android.bluetooth
W/PackageManager(  455): Unknown permission com.google.android.googleapps.permission.GOOGLE_AUTH in package com.android.providers.calendar
W/PackageManager(  455): Unknown permission com.google.android.googleapps.permission.GOOGLE_AUTH.cl in package com.android.providers.calendar
W/PackageManager(  455): Unknown permission com.google.android.googleapps.permission.GOOGLE_AUTH.mail in package com.android.calendar
W/PackageManager(  455): Not granting permission android.permission.ACCESS_DOWNLOAD_MANAGER to package com.android.browser (protectionLevel=18 flags=0x9be45)
W/PackageManager(  455): Not granting permission android.permission.SEND_DOWNLOAD_COMPLETED_INTENTS to package com.android.browser (protectionLevel=2 flags=0x9be45)
W/PackageManager(  455): Unknown permission com.android.launcher.permission.READ_SETTINGS in package com.android.onetimeinitializer
W/PackageManager(  455): Unknown permission com.android.launcher.permission.WRITE_SETTINGS in package com.android.onetimeinitializer
W/PackageManager(  455): Not granting permission android.permission.BIND_APPWIDGET to package com.android.launcher3 (protectionLevel=18 flags=0x58be45)
W/PackageManager(  455): Unknown permission com.android.launcher.permission.READ_SETTINGS in package com.android.launcher3
W/PackageManager(  455): Unknown permission com.android.launcher.permission.WRITE_SETTINGS in package com.android.launcher3
W/PackageManager(  455): Not granting permission android.permission.BIND_WALLPAPER to package com.android.camera2 (protectionLevel=18 flags=0x58bc45)
W/PackageManager(  455): Unknown permission android.permission.INSTALL_DRM in package com.android.mms
I/SystemServer(  455): NetworkPolicy Service
W/PackageManager(  455): Unknown permission com.google.android.gallery3d.permission.PICASA_STORE in package com.android.dreams.phototable
W/PackageManager(  455): Unknown permission com.google.android.googleapps.permission.GOOGLE_AUTH in package com.android.settings
W/PackageManager(  455): Unknown permission com.android.launcher.permission.READ_SETTINGS in package com.android.settings
W/PackageManager(  455): Unknown permission com.android.launcher.permission.WRITE_SETTINGS in package com.android.settings
I/SystemServer(  455): Wi-Fi P2pService
W/PackageManager(  455): Not granting permission android.permission.INSTALL_PACKAGES to package com.android.apkinstaller (protectionLevel=18 flags=0x8be45)
W/PackageManager(  455): Not granting permission android.permission.DELETE_PACKAGES to package com.android.apkinstaller (protectionLevel=18 flags=0x8be45)
W/PackageManager(  455): Unknown permission com.google.android.googleapps.permission.ACCESS_GOOGLE_PASSWORD in package com.android.development
W/PackageManager(  455): Unknown permission com.google.android.googleapps.permission.GOOGLE_AUTH in package com.android.development
W/PackageManager(  455): Unknown permission com.google.android.googleapps.permission.GOOGLE_AUTH.ALL_SERVICES in package com.android.development
W/PackageManager(  455): Unknown permission com.google.android.googleapps.permission.GOOGLE_AUTH.YouTubeUser in package com.android.development
W/PackageManager(  455): Not granting permission android.permission.DELETE_PACKAGES to package com.svox.pico (protectionLevel=18 flags=0x8be45)
W/PackageManager(  455): Not granting permission android.permission.DEVICE_POWER to package com.android.deskclock (protectionLevel=2 flags=0x48be45)
W/PackageManager(  455): Unknown permission rockchip.permission.FULL_SCREEN in package android.rk.RockVideoPlayer
W/PackageManager(  455): Unknown permission android.permission.RAISED_THREAD_PRIORITY in package android.rk.RockVideoPlayer
W/PackageManager(  455): Unknown permission android.permission.FULL_SCREEN in package android.rk.RockVideoPlayer
W/PackageManager(  455): Unknown permission archos.permission.FULL_SCREEN in package android.rk.RockVideoPlayer
I/SystemServer(  455): Wi-Fi Service
I/SystemServer(  455): Connectivity Service
D/ConnectivityService(  455): ConnectivityService starting up
D/ConnectivityService(  455): wifiOnly=false
W/ContextImpl(  455): Calling a method in the system process without a qualified user: android.app.ContextImpl.bindService:1558 android.bluetooth.BluetoothPan.doBind:149 android.bluetooth.BluetoothPan.<init>:141 android.bluetooth.BluetoothAdapter.getProfileProxy:1432 android.bluetooth.BluetoothTetheringDataTracker.startMonitoring:116 
E/MobileDataStateTracker(  455): default: Ignoring feature request because could not acquire PhoneService
E/MobileDataStateTracker(  455): default: Could not enable APN type "default"
I/WifiService(  455): WifiService starting up with Wi-Fi disabled
I/SystemServer(  455): Ethernet Service
I/SystemServer(  455): Network Service Discovery Service
D/NsdService(  455): Network service discovery enabled true
I/SystemServer(  455): UpdateLock Service
I/SystemServer(  455): Notification Manager
I/SystemServer(  455): Device Storage Monitor
I/SystemServer(  455): Location Manager
I/SystemServer(  455): Country Detector
I/SystemServer(  455): Search Service
I/SystemServer(  455): DropBox Service
I/SystemServer(  455): Wallpaper Service
I/SystemServer(  455): Audio Service
I/SystemServer(  455): Dock Observer
W/DockObserver(  455): This kernel does not have dock station support
I/SystemServer(  455): Wired Accessory Manager
I/SystemServer(  455): USB Service
I/SystemServer(  455): Serial Service
I/SystemServer(  455): Twilight Service
I/SystemServer(  455): UI Mode Manager Service
I/SystemServer(  455): Backup Service
V/BackupManagerService(  455): Initializing package tracking
V/BackupManagerService(  455): No ancestral data
V/BackupManagerService(  455): addPackageParticipantsLocked: all
I/BackupManagerService(  455): Scheduling backup for new app com.android.calendar
D/BackupManagerService(  455): Now staging backup of com.android.calendar
I/BackupManagerService(  455): Scheduling backup for new app com.android.browser
D/BackupManagerService(  455): Now staging backup of com.android.browser
I/BackupManagerService(  455): Scheduling backup for new app com.android.providers.userdictionary
D/BackupManagerService(  455): Now staging backup of com.android.providers.userdictionary
I/BackupManagerService(  455): Scheduling backup for new app com.android.sharedstoragebackup
D/BackupManagerService(  455): Now staging backup of com.android.sharedstoragebackup
I/BackupManagerService(  455): Scheduling backup for new app android
D/BackupManagerService(  455): Now staging backup of android
I/BackupManagerService(  455): Scheduling backup for new app com.android.dialer
D/BackupManagerService(  455): Now staging backup of com.android.dialer
I/BackupManagerService(  455): Scheduling backup for new app com.android.providers.settings
D/BackupManagerService(  455): Now staging backup of com.android.providers.settings
V/BackupManagerService(  455): Starting with transport com.google.android.backup/.BackupTransportService
V/BackupManagerService(  455): Found transports: 1
I/BackupManagerService(  455): Binding to transport host ComponentInfo{android/com.android.internal.backup.LocalTransportService}
I/BackupManagerService(  455): Found stale backup journal, scheduling
I/BackupManagerService(  455):   com.android.calendar
I/BackupManagerService(  455):   com.android.browser
I/BackupManagerService(  455):   com.android.providers.userdictionary
I/BackupManagerService(  455):   com.android.sharedstoragebackup
I/BackupManagerService(  455):   android
I/BackupManagerService(  455):   com.android.dialer
I/BackupManagerService(  455):   com.android.providers.settings
I/BackupManagerService(  455): Backup enabled => false
I/BackupManagerService(  455): Opting out of backup
I/SystemServer(  455): AppWidget Service
I/SystemServer(  455): Recognition Service
I/SystemServer(  455): DiskStats Service
I/SystemServer(  455): SamplingProfiler Service
I/SystemServer(  455): NetworkTimeUpdateService
I/SystemServer(  455): CommonTimeManagementService
I/SystemServer(  455): CertBlacklister
I/SystemServer(  455): Dreams Service
I/SystemServer(  455): Assets Atlas Service
I/SystemServer(  455): IdleMaintenanceService
I/SystemServer(  455): Print Service
I/SystemServer(  455): Media Router Service
D/UsbDeviceManager(  455): -----MSG_UPDATE_STATE,but not BootComplete,send MSG_UPDATE_STATE_RETRY after 500ms---
I/ActivityManager(  455): Start proc com.android.systemui for service com.android.keyguard/.KeyguardService: pid=518 uid=10007 gids={50007, 1028, 1015, 1023, 1035, 3002, 3001}
W/SystemServer(  455): ***********************************************
I/ActivityManager(  455): System now ready
I/SystemServer(  455): Making services ready
I/MountService(  455): doMountVolume: Mouting /mnt/external_sd
D/NetworkManagementService(  455): enabling bandwidth control
I/Vold    (  141): /dev/block/vold/179:33 being considered for volume external_sd,1
I/Vold    (  141):  
I/Vold    (  141): Error(call No.1) opening /sys/sd-sdio/rescan in the file of VOlume.cpp
D/Vold    (  141): Volume external_sd state changing 1 (Idle-Unmounted) -> 3 (Checking)
I/MountService(  455): onEvent:: raw= 605 Volume external_sd /mnt/external_sd state changed from 1 (Idle-Unmounted) to 3 (Checking) cooked =  605 Volume external_sd /mnt/external_sd state changed from 1 (Idle-Unmounted) to 3 (Checking)
I/MountService(  455): notifyVolumeStateChange::unmounted
I/MountService(  455): updating volume state checking
D/MountService(  455): volume state changed for /mnt/external_sd (unmounted -> checking)
D/MountService(  455): sendStorageIntent Intent { act=android.intent.action.MEDIA_CHECKING dat=file:///mnt/external_sd (has extras) } to UserHandle{-1}
I/StatusBarManagerService(  455): registerStatusBar bar=com.android.internal.statusbar.IStatusBar$Stub$Proxy@419bb090
D/UsbDeviceManager(  455): Usb state is false false true
I/ActivityManager(  455): Config changes=200 {1.0 ?mcc?mnc en_US ldltr sw600dp w600dp h951dp 160dpi lrg port finger -keyb/v/h dpad/v s.4}
W/RecognitionManagerService(  455): no available voice recognition services found for user 0
I/ActivityManager(  455): Start proc android.process.media for broadcast com.android.providers.media/.MtpReceiver: pid=598 uid=10005 gids={50005, 1028, 1015, 1023, 1024, 2001, 3003, 3007}
W/InputMethodManagerService(  455): Ignoring setImeWindowStatus of uid 1000 token: null
I/Vold    (  141): Filesystem check completed OK
I/ActivityManager(  455): Start proc com.android.inputmethod.latin for service com.android.inputmethod.latin/.LatinIME: pid=614 uid=10028 gids={50028, 1028, 1015}
V/InputMethodManagerService(  455): Adding window token: android.os.Binder@41a22b88
W/LocationManagerService(  455): no network location provider found
E/LocationManagerService(  455): no geocoder provider found
E/Vold    (  141): ---------set mSkipAsec to enable app2sd because mount Vfat succeed for external_sd, mountpoint =/mnt/external_sd
W/Vold    (  141): subsystem found in netlink event
D/Vold    (  141): usb, 2
W/Vold    (  141): subsystem found in netlink event
D/Vold    (  141): usb, 2
E/LocationManagerService(  455): No FusedProvider found.
E/LocationManagerService(  455): no geofence provider found
I/ActivityManager(  455): Start proc com.android.phone for added application com.android.phone: pid=631 uid=1001 gids={41001, 3002, 3001, 3003, 1028, 1015}
I/ActivityManager(  455): START u0 {act=android.intent.action.MAIN cat=[android.intent.category.HOME] flg=0x10000000 cmp=com.android.launcher3/.Launcher} from pid 0
I/ActivityManager(  455): Start proc com.android.launcher3 for activity com.android.launcher3/.Launcher: pid=646 uid=10029 gids={50029, 1028}
I/ActivityManager(  455): Start proc com.android.printspooler for service com.android.printspooler/.PrintSpoolerService: pid=659 uid=10043 gids={50043}
I/MountService(  455): onEvent:: raw= 613 external_sd /mnt/external_sd "C653-400D" cooked =  613 external_sd /mnt/external_sd C653-400D
I/MountService(  455): onEvent:: raw= 614 external_sd /mnt/external_sd "SANDI" cooked =  614 external_sd /mnt/external_sd SANDI
I/Vold    (  141): Error(call No.1) opening /sys/sd-sdio/rescan in the file of VOlume.cpp
D/Vold    (  141): Volume external_sd state changing 3 (Checking) -> 4 (Mounted)
I/MountService(  455): doMountVolume: Mouting /mnt/internal_sd
I/MountService(  455): onEvent:: raw= 605 Volume external_sd /mnt/external_sd state changed from 3 (Checking) to 4 (Mounted) cooked =  605 Volume external_sd /mnt/external_sd state changed from 3 (Checking) to 4 (Mounted)
I/MountService(  455): notifyVolumeStateChange::checking
I/MountService(  455): updating volume state mounted
D/MountService(  455): volume state changed for /mnt/external_sd (checking -> mounted)
I/Vold    (  141): /dev/block/vold/179:14 being considered for volume internal_sd,1
I/Vold    (  141):  
D/Vold    (  141): Volume internal_sd state changing 1 (Idle-Unmounted) -> 3 (Checking)
D/MountService(  455): sendStorageIntent Intent { act=android.intent.action.MEDIA_MOUNTED dat=file:///mnt/external_sd (has extras) } to UserHandle{-1}
I/MountService(  455): onEvent:: raw= 605 Volume internal_sd /mnt/internal_sd state changed from 1 (Idle-Unmounted) to 3 (Checking) cooked =  605 Volume internal_sd /mnt/internal_sd state changed from 1 (Idle-Unmounted) to 3 (Checking)
I/MountService(  455): notifyVolumeStateChange::unmounted
I/MountService(  455): updating volume state checking
D/MountService(  455): volume state changed for /mnt/internal_sd (unmounted -> checking)
D/MountService(  455): sendStorageIntent Intent { act=android.intent.action.MEDIA_CHECKING dat=file:///mnt/internal_sd (has extras) } to UserHandle{-1}
W/InputMethodManagerService(  455): Focus gain on non-focused client android.view.inputmethod.InputMethodManager$1@419f7338 (uid=1000 pid=455)
I/ActivityManager(  455): Start proc android.rockchip.update.service for broadcast android.rockchip.update.service/.RKUpdateReceiver: pid=677 uid=10045 gids={50045, 1028, 1015, 2001, 1023, 1024, 3003}
V/BackupManagerService(  455): Connected to transport ComponentInfo{android/com.android.internal.backup.LocalTransportService}
V/BackupManagerService(  455): Registering transport android/com.android.internal.backup.LocalTransportService::android/com.android.internal.backup.LocalTransport = com.android.internal.backup.LocalTransport@41a5a9b8
I/ActivityManager(  455): Start proc android.process.acore for content provider com.android.providers.contacts/.ContactsProvider2: pid=694 uid=10002 gids={50002, 3003, 1028, 1015}
D/UsbDeviceManager(  455): -----get MSG_UPDATE_STATE_RETRY,but not BootComplete,send MSG_UPDATE_STATE_RETRY after 500ms---
I/ActivityManager(  455): Start proc com.android.settings for broadcast com.android.settings/.widget.SettingsAppWidgetProvider: pid=707 uid=1000 gids={41000, 1028, 1015, 3002, 3001, 1023, 3003}
W/Vold    (  141): subsystem found in netlink event
D/Vold    (  141): usb, 1
D/Vold    (  141): == current usb device: 05E3/0608 ===
W/Vold    (  141): subsystem found in netlink event
D/Vold    (  141): usb, 1
E/ActivityThread(  646): Failed to find provider info for com.android.launcher2.settings
I/Vold    (  141): Filesystem check completed OK
W/ContextImpl(  707): Calling a method in the system process without a qualified user: android.app.ContextImpl.bindService:1558 android.content.ContextWrapper.bindService:517 android.bluetooth.BluetoothInputDevice.doBind:245 android.bluetooth.BluetoothInputDevice.<init>:238 android.bluetooth.BluetoothAdapter.getProfileProxy:1429 
D/UsbDeviceManager(  455): -----get MSG_UPDATE_STATE_RETRY,but not BootComplete,send MSG_UPDATE_STATE_RETRY after 500ms---
W/ContextImpl(  707): Calling a method in the system process without a qualified user: android.app.ContextImpl.bindService:1558 android.content.ContextWrapper.bindService:517 android.bluetooth.BluetoothPan.doBind:149 android.bluetooth.BluetoothPan.<init>:141 android.bluetooth.BluetoothAdapter.getProfileProxy:1432 
W/ContextImpl(  707): Calling a method in the system process without a qualified user: android.app.ContextImpl.bindService:1558 android.content.ContextWrapper.bindService:517 android.bluetooth.BluetoothMap.doBind:109 android.bluetooth.BluetoothMap.<init>:102 android.bluetooth.BluetoothAdapter.getProfileProxy:1438 
W/ContextImpl(  707): Calling a method in the system process without a qualified user: android.app.ContextImpl.bindService:1558 android.content.ContextWrapper.bindService:517 android.bluetooth.BluetoothPbap.doBind:164 android.bluetooth.BluetoothPbap.<init>:157 com.android.settings.bluetooth.PbapServerProfile.<init>:68 
E/Vold    (  141): ---------set mSkipAsec to enable app2sd because mount Vfat succeed for internal_sd, mountpoint =/mnt/internal_sd
I/MountService(  455): onEvent:: raw= 613 internal_sd /mnt/internal_sd "A467-07DF" cooked =  613 internal_sd /mnt/internal_sd A467-07DF
I/MountService(  455): onEvent:: raw= 614 internal_sd /mnt/internal_sd "ROCKCHIPS" cooked =  614 internal_sd /mnt/internal_sd ROCKCHIPS
I/ActivityManager(  455): Start proc com.android.smspush for service com.android.smspush/.WapPushManager: pid=742 uid=10052 gids={50052}
W/BroadcastQueue(  455): Permission Denial: receiving Intent { act=android.intent.action.USER_SWITCHED flg=0x10 (has extras) } to com.android.rk.mediafloat/.MultiUserReceiver requires android.permission.MANAGE_USERS due to sender null (uid 1000)
D/Vold    (  141): Volume internal_sd state changing 3 (Checking) -> 4 (Mounted)
I/MountService(  455): onEvent:: raw= 605 Volume internal_sd /mnt/internal_sd state changed from 3 (Checking) to 4 (Mounted) cooked =  605 Volume internal_sd /mnt/internal_sd state changed from 3 (Checking) to 4 (Mounted)
I/MountService(  455): notifyVolumeStateChange::checking
I/MountService(  455): updating volume state mounted
D/MountService(  455): volume state changed for /mnt/internal_sd (checking -> mounted)
E/VoldConnector(  455): NDC Command {4 volume mount /mnt/internal_sd} took too long (689ms)
D/MountService(  455): sendStorageIntent Intent { act=android.intent.action.MEDIA_MOUNTED dat=file:///mnt/internal_sd (has extras) } to UserHandle{-1}
D/MountService(  455): sharedvolumeNum: 0 ;avail: false
I/ActivityManager(  455): Start proc com.android.externalstorage for broadcast com.android.externalstorage/.MountReceiver: pid=769 uid=10006 gids={50006, 1028, 1015, 1023}
D/MobileDataStateTracker(  455): fota: Broadcast received: android.intent.action.ANY_DATA_STATE apnType=fota
D/MobileDataStateTracker(  455): fota: Received state=DISCONNECTED, old=DISCONNECTED, reason=radioTurnedOff
D/MobileDataStateTracker(  455): ia: Broadcast received: android.intent.action.ANY_DATA_STATE apnType=ia
D/MobileDataStateTracker(  455): ia: Received state=DISCONNECTED, old=DISCONNECTED, reason=radioTurnedOff
I/ActivityManager(  455): Start proc com.cghs.stresstest for broadcast com.cghs.stresstest/.test.receiver.RecoveryReceiver: pid=793 uid=1000 gids={41000, 1028, 1015, 3002, 3001, 1023, 3003}
D/MobileDataStateTracker(  455): supl: Broadcast received: android.intent.action.ANY_DATA_STATE apnType=supl
D/MobileDataStateTracker(  455): supl: Received state=DISCONNECTED, old=DISCONNECTED, reason=radioTurnedOff
D/MobileDataStateTracker(  455): hipri: Broadcast received: android.intent.action.ANY_DATA_STATE apnType=hipri
D/MobileDataStateTracker(  455): hipri: Received state=DISCONNECTED, old=DISCONNECTED, reason=radioTurnedOff
D/MobileDataStateTracker(  455): ims: Broadcast received: android.intent.action.ANY_DATA_STATE apnType=ims
D/MobileDataStateTracker(  455): ims: Received state=DISCONNECTED, old=DISCONNECTED, reason=radioTurnedOff
D/MobileDataStateTracker(  455): default: Broadcast received: android.intent.action.ANY_DATA_STATE apnType=default
D/MobileDataStateTracker(  455): default: Received state=DISCONNECTED, old=DISCONNECTED, reason=radioTurnedOff
D/MobileDataStateTracker(  455): mms: Broadcast received: android.intent.action.ANY_DATA_STATE apnType=mms
D/MobileDataStateTracker(  455): mms: Received state=DISCONNECTED, old=DISCONNECTED, reason=radioTurnedOff
D/MobileDataStateTracker(  455): cbs: Broadcast received: android.intent.action.ANY_DATA_STATE apnType=cbs
D/MobileDataStateTracker(  455): cbs: Received state=DISCONNECTED, old=DISCONNECTED, reason=radioTurnedOff
D/MobileDataStateTracker(  455): fota: Broadcast received: android.intent.action.ANY_DATA_STATE apnType=fota
D/MobileDataStateTracker(  455): fota: Received state=DISCONNECTED, old=DISCONNECTED, reason=radioTurnedOff
D/MobileDataStateTracker(  455): ia: Broadcast received: android.intent.action.ANY_DATA_STATE apnType=ia
D/MobileDataStateTracker(  455): ia: Received state=DISCONNECTED, old=DISCONNECTED, reason=radioTurnedOff
D/MobileDataStateTracker(  455): supl: Broadcast received: android.intent.action.ANY_DATA_STATE apnType=supl
D/MobileDataStateTracker(  455): supl: Received state=DISCONNECTED, old=DISCONNECTED, reason=radioTurnedOff
D/MobileDataStateTracker(  455): hipri: Broadcast received: android.intent.action.ANY_DATA_STATE apnType=hipri
D/MobileDataStateTracker(  455): hipri: Received state=DISCONNECTED, old=DISCONNECTED, reason=radioTurnedOff
D/MobileDataStateTracker(  455): ims: Broadcast received: android.intent.action.ANY_DATA_STATE apnType=ims
D/MobileDataStateTracker(  455): ims: Received state=DISCONNECTED, old=DISCONNECTED, reason=radioTurnedOff
D/MobileDataStateTracker(  455): default: Broadcast received: android.intent.action.ANY_DATA_STATE apnType=default
D/MobileDataStateTracker(  455): default: Received state=DISCONNECTED, old=DISCONNECTED, reason=radioTurnedOff
D/MobileDataStateTracker(  455): mms: Broadcast received: android.intent.action.ANY_DATA_STATE apnType=mms
D/MobileDataStateTracker(  455): mms: Received state=DISCONNECTED, old=DISCONNECTED, reason=radioTurnedOff
D/MobileDataStateTracker(  455): cbs: Broadcast received: android.intent.action.ANY_DATA_STATE apnType=cbs
D/MobileDataStateTracker(  455): cbs: Received state=DISCONNECTED, old=DISCONNECTED, reason=radioTurnedOff
D/MobileDataStateTracker(  455): fota: Broadcast received: android.intent.action.ANY_DATA_STATE apnType=fota
D/MobileDataStateTracker(  455): fota: Received state=DISCONNECTED, old=DISCONNECTED, reason=dataDetached
D/MobileDataStateTracker(  455): ia: Broadcast received: android.intent.action.ANY_DATA_STATE apnType=ia
D/MobileDataStateTracker(  455): ia: Received state=DISCONNECTED, old=DISCONNECTED, reason=dataDetached
D/MobileDataStateTracker(  455): supl: Broadcast received: android.intent.action.ANY_DATA_STATE apnType=supl
D/MobileDataStateTracker(  455): supl: Received state=DISCONNECTED, old=DISCONNECTED, reason=dataDetached
D/MobileDataStateTracker(  455): hipri: Broadcast received: android.intent.action.ANY_DATA_STATE apnType=hipri
D/MobileDataStateTracker(  455): hipri: Received state=DISCONNECTED, old=DISCONNECTED, reason=dataDetached
D/MobileDataStateTracker(  455): ims: Broadcast received: android.intent.action.ANY_DATA_STATE apnType=ims
D/MobileDataStateTracker(  455): ims: Received state=DISCONNECTED, old=DISCONNECTED, reason=dataDetached
D/MobileDataStateTracker(  455): default: Broadcast received: android.intent.action.ANY_DATA_STATE apnType=default
D/MobileDataStateTracker(  455): default: Received state=DISCONNECTED, old=DISCONNECTED, reason=dataDetached
D/MobileDataStateTracker(  455): mms: Broadcast received: android.intent.action.ANY_DATA_STATE apnType=mms
D/MobileDataStateTracker(  455): mms: Received state=DISCONNECTED, old=DISCONNECTED, reason=dataDetached
D/MobileDataStateTracker(  455): cbs: Broadcast received: android.intent.action.ANY_DATA_STATE apnType=cbs
W/PackageManager(  455): Not granting permission android.permission.GLOBAL_SEARCH to package com.android.quicksearchbox (protectionLevel=18 flags=0x88be45)
D/MobileDataStateTracker(  455): cbs: Received state=DISCONNECTED, old=DISCONNECTED, reason=dataDetached
D/MobileDataStateTracker(  455): fota: Broadcast received: android.intent.action.ANY_DATA_STATE apnType=fota
D/MobileDataStateTracker(  455): fota: Received state=DISCONNECTED, old=DISCONNECTED, reason=roamingOff
D/MobileDataStateTracker(  455): ia: Broadcast received: android.intent.action.ANY_DATA_STATE apnType=ia
D/MobileDataStateTracker(  455): ia: Received state=DISCONNECTED, old=DISCONNECTED, reason=roamingOff
W/PackageManager(  455): Unknown permission com.google.android.gallery3d.permission.GALLERY_PROVIDER in package com.android.bluetooth
W/PackageManager(  455): Unknown permission com.google.android.googleapps.permission.GOOGLE_AUTH in package com.android.providers.calendar
W/PackageManager(  455): Unknown permission com.google.android.googleapps.permission.GOOGLE_AUTH.cl in package com.android.providers.calendar
W/PackageManager(  455): Unknown permission com.google.android.googleapps.permission.GOOGLE_AUTH.mail in package com.android.calendar
W/PackageManager(  455): Not granting permission android.permission.ACCESS_DOWNLOAD_MANAGER to package com.android.browser (protectionLevel=18 flags=0x89be45)
W/PackageManager(  455): Not granting permission android.permission.SEND_DOWNLOAD_COMPLETED_INTENTS to package com.android.browser (protectionLevel=2 flags=0x89be45)
W/PackageManager(  455): Unknown permission com.android.launcher.permission.READ_SETTINGS in package com.android.onetimeinitializer
W/PackageManager(  455): Unknown permission com.android.launcher.permission.WRITE_SETTINGS in package com.android.onetimeinitializer
W/PackageManager(  455): Not granting permission android.permission.BIND_APPWIDGET to package com.android.launcher3 (protectionLevel=18 flags=0xd8be45)
W/PackageManager(  455): Unknown permission com.android.launcher.permission.READ_SETTINGS in package com.android.launcher3
W/PackageManager(  455): Unknown permission com.android.launcher.permission.WRITE_SETTINGS in package com.android.launcher3
W/PackageManager(  455): Not granting permission android.permission.BIND_WALLPAPER to package com.android.camera2 (protectionLevel=18 flags=0xd8bc45)
W/PackageManager(  455): Unknown permission android.permission.INSTALL_DRM in package com.android.mms
W/PackageManager(  455): Unknown permission com.google.android.gallery3d.permission.PICASA_STORE in package com.android.dreams.phototable
W/PackageManager(  455): Unknown permission com.google.android.googleapps.permission.GOOGLE_AUTH in package com.android.settings
W/PackageManager(  455): Unknown permission com.android.launcher.permission.READ_SETTINGS in package com.android.settings
W/PackageManager(  455): Unknown permission com.android.launcher.permission.WRITE_SETTINGS in package com.android.settings
W/PackageManager(  455): Not granting permission android.permission.INSTALL_PACKAGES to package com.android.apkinstaller (protectionLevel=18 flags=0x88be45)
W/PackageManager(  455): Not granting permission android.permission.DELETE_PACKAGES to package com.android.apkinstaller (protectionLevel=18 flags=0x88be45)
W/PackageManager(  455): Unknown permission com.google.android.googleapps.permission.ACCESS_GOOGLE_PASSWORD in package com.android.development
W/PackageManager(  455): Unknown permission com.google.android.googleapps.permission.GOOGLE_AUTH in package com.android.development
W/PackageManager(  455): Unknown permission com.google.android.googleapps.permission.GOOGLE_AUTH.ALL_SERVICES in package com.android.development
W/PackageManager(  455): Unknown permission com.google.android.googleapps.permission.GOOGLE_AUTH.YouTubeUser in package com.android.development
W/PackageManager(  455): Not granting permission android.permission.DELETE_PACKAGES to package com.svox.pico (protectionLevel=18 flags=0x88be45)
W/PackageManager(  455): Not granting permission android.permission.DEVICE_POWER to package com.android.deskclock (protectionLevel=2 flags=0xc8be45)
W/PackageManager(  455): Unknown permission rockchip.permission.FULL_SCREEN in package android.rk.RockVideoPlayer
W/PackageManager(  455): Unknown permission android.permission.RAISED_THREAD_PRIORITY in package android.rk.RockVideoPlayer
W/PackageManager(  455): Unknown permission android.permission.FULL_SCREEN in package android.rk.RockVideoPlayer
W/PackageManager(  455): Unknown permission archos.permission.FULL_SCREEN in package android.rk.RockVideoPlayer
D/UsbDeviceManager(  455): -----get MSG_UPDATE_STATE_RETRY,but not BootComplete,send MSG_UPDATE_STATE_RETRY after 500ms---
D/MobileDataStateTracker(  455): supl: Broadcast received: android.intent.action.ANY_DATA_STATE apnType=supl
D/MobileDataStateTracker(  455): supl: Received state=DISCONNECTED, old=DISCONNECTED, reason=roamingOff
D/MobileDataStateTracker(  455): hipri: Broadcast received: android.intent.action.ANY_DATA_STATE apnType=hipri
D/MobileDataStateTracker(  455): hipri: Received state=DISCONNECTED, old=DISCONNECTED, reason=roamingOff
D/MobileDataStateTracker(  455): ims: Broadcast received: android.intent.action.ANY_DATA_STATE apnType=ims
D/MobileDataStateTracker(  455): ims: Received state=DISCONNECTED, old=DISCONNECTED, reason=roamingOff
D/MobileDataStateTracker(  455): default: Broadcast received: android.intent.action.ANY_DATA_STATE apnType=default
D/MobileDataStateTracker(  455): default: Received state=DISCONNECTED, old=DISCONNECTED, reason=roamingOff
D/MobileDataStateTracker(  455): mms: Broadcast received: android.intent.action.ANY_DATA_STATE apnType=mms
D/MobileDataStateTracker(  455): mms: Received state=DISCONNECTED, old=DISCONNECTED, reason=roamingOff
D/MobileDataStateTracker(  455): cbs: Broadcast received: android.intent.action.ANY_DATA_STATE apnType=cbs
D/MobileDataStateTracker(  455): cbs: Received state=DISCONNECTED, old=DISCONNECTED, reason=roamingOff
D/UsbDeviceManager(  455): -----get MSG_UPDATE_STATE_RETRY,but not BootComplete,send MSG_UPDATE_STATE_RETRY after 500ms---
W/ContextImpl(  455): Calling a method in the system process without a qualified user: android.app.ContextImpl.bindService:1558 android.bluetooth.BluetoothHeadset.doBind:283 android.bluetooth.BluetoothHeadset.<init>:276 android.bluetooth.BluetoothAdapter.getProfileProxy:1423 android.media.AudioService.getBluetoothHeadset:2252 
W/ContextImpl(  455): Calling a method in the system process without a qualified user: android.app.ContextImpl.bindService:1558 android.bluetooth.BluetoothA2dp.doBind:165 android.bluetooth.BluetoothA2dp.<init>:158 android.bluetooth.BluetoothAdapter.getProfileProxy:1426 android.media.AudioService$AudioServiceBroadcastReceiver.onReceive:4173 
V/WiredAccessoryManager(  455): init()
I/BootReceiver(  455): Copying /proc/last_kmsg to DropBox (SYSTEM_LAST_KMSG)
W/ContextImpl(  455): Calling a method in the system process without a qualified user: android.app.ContextImpl.startService:1494 android.content.ContextWrapper.startService:494 android.content.ContextWrapper.startService:494 com.android.user.experience.BootBroadcastReceiver.onReceive:31 android.app.ActivityThread.handleReceiver:2407 
I/ActivityManager(  455): Start proc android:userExpericenceService for service android/com.android.user.experience.UserExperienceService: pid=848 uid=1000 gids={41000, 1028, 1015, 3002, 3001, 1023, 3003}
I/ActivityManager(  455): Start proc com.android.providers.calendar for broadcast com.android.providers.calendar/.CalendarReceiver: pid=862 uid=10001 gids={50001, 3003, 1028, 1015}
D/UsbDeviceManager(  455): Usb state is false false true
D/UsbDeviceManager(  455): -----get MSG_UPDATE_STATE_RETRY,and BootComplete,do updateUsbState
D/MountService(  455): sharedvolumeNum: 0 ;avail: false
I/BootReceiver(  455): Copying audit failures to DropBox
I/BootReceiver(  455): Copied 0 worth of audits to DropBox
I/BootReceiver(  455): Checking for fsck errors
I/BootReceiver(  455): Copying /data/tombstones/tombstone_03 to DropBox (SYSTEM_TOMBSTONE)
I/ActivityManager(  455): Start proc com.android.onetimeinitializer for broadcast com.android.onetimeinitializer/.OneTimeInitializerReceiver: pid=889 uid=10009 gids={50009}
I/ActivityManager(  455): Start proc com.android.calendar for broadcast com.android.calendar/.alerts.AlertReceiver: pid=904 uid=10016 gids={50016, 3003}
I/ActivityManager(  455): Start proc com.android.deskclock for broadcast com.android.deskclock/.AlarmInitReceiver: pid=923 uid=10019 gids={50019, 1028}
I/ActivityManager(  455): Start proc com.android.email for broadcast com.android.email/.service.EmailBroadcastReceiver: pid=940 uid=10022 gids={50022, 3003, 1028, 1015}
I/ActivityManager(  455): Start proc com.android.music for broadcast com.android.music/.MediaButtonIntentReceiver: pid=953 uid=10034 gids={50034, 3003, 1028, 1015}
D/ActivityThread(  940): Loading provider com.android.email.provider;com.android.email.notifier: com.android.email.provider.EmailProvider
D/ActivityThread(  940): Loading provider com.android.email.provider;com.android.email.notifier: com.android.email.provider.EmailProvider
I/ActivityManager(  455): Start proc com.rock_chips.rockchip_experience for broadcast com.rock_chips.rockchip_experience/.MyReceiver: pid=979 uid=10047 gids={50047, 1028, 1015, 2001, 1023, 1024, 3003}
